[2026-05-19T06:12:29.847Z] fetchYoutubeTranscript started for: https://www.youtube.com/watch?v=q9wc7hUrW8U
[2026-05-19T06:12:29.849Z] Extracted Video ID: q9wc7hUrW8U
[2026-05-19T06:12:29.849Z] Fetching InnerTube player API for video: q9wc7hUrW8U
[2026-05-19T06:12:30.073Z] InnerTube API Response Status: 200 OK
[2026-05-19T06:12:30.076Z] InnerTube playabilityStatus: {"status":"LOGIN_REQUIRED","reason":"Sign in to confirm you’re not a bot","errorScreen":{"playerErrorCommandRenderer":{"command":{"clickTrackingParams":"CAAQu2kiEwjuw46D2cSUAxVqKbcAHejWMWTKAQRTJSlP","authRequiredCommand":{"identityActionContext":{"eventTrigger":"ACCOUNT_EVENT_TRIGGER_VISITOR_SUSPICIOUS_REQUEST","nextEndpoint":{"clickTrackingParams":"CAAQu2kiEwjuw46D2cSUAxVqKbcAHejWMWTKAQRTJSlP","commandExecutorCommand":{"commands":[{"clickTrackingParams":"CAAQu2kiEwjuw46D2cSUAxVqKbcAHejWMWTKAQRTJSlP","signalAction":{"signal":"CLOSE_POPUP"}},{"clickTrackingParams":"CAAQu2kiEwjuw46D2cSUAxVqKbcAHejWMWTKAQRTJSlP","signalAction":{"signal":"RELOAD_PLAYER"}}]}}},"dismissalCommand":{"clickTrackingParams":"CAAQu2kiEwjuw46D2cSUAxVqKbcAHejWMWTKAQRTJSlP","commandExecutorCommand":{"commands":[{"clickTrackingParams":"CAAQu2kiEwjuw46D2cSUAxVqKbcAHejWMWTKAQRTJSlP","signalAction":{"signal":"HISTORY_BACK"}},{"clickTrackingParams":"CAAQu2kiEwjuw46D2cSUAxVqKbcAHejWMWTKAQRTJSlP","signalAction":{"signal":"CLOSE_POPUP"}}]}}}},"trackingParams":"CAAQu2kiEwjuw46D2cSUAxVqKbcAHejWMWTKAQRTJSlP"}},"skip":{"playabilityErrorSkipConfig":{"skipOnPlayabilityError":false}},"contextParams":"Q0FFU0FnZ0M="}
[2026-05-19T06:12:30.076Z] YouTubei playabilityStatus is not OK: LOGIN_REQUIRED (Sign in to confirm you’re not a bot)
[2026-05-19T06:21:36.162Z] fetchYoutubeTranscript started for: https://www.youtube.com/watch?v=-PzIkfa2HEk
[2026-05-19T06:21:36.164Z] Extracted Video ID: -PzIkfa2HEk
[2026-05-19T06:21:36.164Z] Attempting python transcript fetch for video ID: -PzIkfa2HEk
[2026-05-19T06:21:36.164Z] Python script path: /Users/saakshimishra/Desktop/video summarizer/scripts/fetch-transcript.py
[2026-05-19T06:21:37.800Z] Python transcript fetch successful: parsed 56 segments.
[2026-05-19T06:22:01.785Z] fetchYoutubeTranscript started for: https://www.youtube.com/watch?v=-PzIkfa2HEk
[2026-05-19T06:22:01.786Z] Extracted Video ID: -PzIkfa2HEk
[2026-05-19T06:22:01.786Z] Attempting python transcript fetch for video ID: -PzIkfa2HEk
[2026-05-19T06:22:01.786Z] Python script path: /Users/saakshimishra/Desktop/video summarizer/scripts/fetch-transcript.py
[2026-05-19T06:22:03.284Z] Python transcript fetch successful: parsed 56 segments.
[2026-05-19T06:25:46.448Z] fetchYoutubeTranscript started for: https://www.youtube.com/watch?v=-PzIkfa2HEk
[2026-05-19T06:25:46.449Z] Extracted Video ID: -PzIkfa2HEk
[2026-05-19T06:25:46.449Z] Attempting python transcript fetch for video ID: -PzIkfa2HEk
[2026-05-19T06:25:46.449Z] Python script path: /Users/saakshimishra/Desktop/video summarizer/scripts/fetch-transcript.py
[2026-05-19T06:25:47.784Z] Python transcript fetch successful: parsed 56 segments.
